ARM COMPILER V2.40a,  uart                                                                 08/08/23  08:02:18  PAGE 1   


ARM COMPILER V2.40a, COMPILATION OF MODULE uart
OBJECT MODULE PLACED IN uart.OBJ
COMPILER INVOKED BY: C:\Keil\ARM\BIN\CA.exe uart.c THUMB BROWSE DEBUG TABS(4) 

stmt  level    source

    1          #include "lpc214x.h"
    2          
    3          void transmit(unsigned char ch)
    4          {
    5   1       while (!(U0LSR & 0x20));
    6   1       
    7   1       U0THR =ch;
    8   1      }
    9          
   10          
   11          int main()
   12           {
   13   1           int i;
   14   1           unsigned char  temp[30] = "Welcome to FC" ;
   15   1           PINSEL0 = 5;
   16   1           U0LCR = 0x83;
   17   1           U0DLM =0x00;
   18   1           U0DLL =97;
   19   1           U0LCR =0x03;
   20   1           for(i=0; temp[i] != '\0'; i++)
   21   1           {
   22   2           transmit(temp[i]);
   23   2           }
   24   1           return 0;
   25   1      }
ARM COMPILER V2.40a,  uart                                                                 08/08/23  08:02:18  PAGE 2   

ASSEMBLY LISTING OF GENERATED OBJECT CODE



*** EXTERNALS:
 EXTERN NUMBER (__startup)



*** PUBLICS:
 PUBLIC         transmit?T
 PUBLIC         main



*** DATA SEGMENT '?CON?uart':
 00000000          ?tpl?0001:
 00000000           BEGIN_INIT
 00000000            DB          'Welcome to FC',0x00
 0000000E            SPACE       16
 0000001E           END_INIT



*** CODE SEGMENT '?PR?transmit?T?uart':
    3: void transmit(unsigned char ch)
 00000000  1C02      MOV         R2,R0 ; ch
 00000002  ---- Variable 'ch' assigned to Register 'R2' ----
    5:  while (!(U0LSR & 0x20));
 00000002          L_1:
 00000002  4800      LDR         R0,=0xE000C014
 00000004  7800      LDRB        R0,[R0,#0x0]
 00000006  2120      MOV         R1,#0x20
 00000008  4208      TST         R0,R1
 0000000A  D0FA      BEQ         L_1  ; T=0x00000002
    7:  U0THR =ch;
 0000000C  1C11      MOV         R1,R2 ; ch
 0000000E  4800      LDR         R0,=0xE000C000
 00000010  7001      STRB        R1,[R0,#0x0]
    8: }
 00000012  4770      BX          R14
 00000014          ENDP ; 'transmit?T'


*** CODE SEGMENT '?PR?main?uart':
   11: int main()
 00000000  B500      PUSH        {LR}
 00000002  B088      SUB         R13,#0x20
   12:  {
 00000004            ; SCOPE-START
   14:      unsigned char  temp[30] = "Welcome to FC" ;
 00000004  4800      LDR         R1,=?tpl?0001 ; ?tpl?0001
 00000006  A800      ADD         R0,R13,#0x0
 00000008  221E      MOV         R2,#0x1E
 0000000A          L_12:
 0000000A  780B      LDRB        R3,[R1,#0x0]
 0000000C  7003      STRB        R3,[R0,#0x0]
 0000000E  1C49      ADD         R1,R1,#0x1
 00000010  1C40      ADD         R0,R0,#0x1
 00000012  1E52      SUB         R2,R2,#0x1
 00000014  D1F9      BNE         L_12  ; T=0x0000000A
   15:       PINSEL0 = 5;
 00000016  2105      MOV         R1,#0x5
 00000018  4800      LDR         R0,=0xE002C000
 0000001A  6001      STR         R1,[R0,#0x0]
   16:      U0LCR = 0x83;
 0000001C  2183      MOV         R1,#0x83
 0000001E  4800      LDR         R0,=0xE000C00C
 00000020  7001      STRB        R1,[R0,#0x0]
   17:      U0DLM =0x00;
 00000022  2100      MOV         R1,#0x0
 00000024  4800      LDR         R0,=0xE000C004
 00000026  7001      STRB        R1,[R0,#0x0]
   18:      U0DLL =97;
 00000028  2161      MOV         R1,#0x61
ARM COMPILER V2.40a,  uart                                                                 08/08/23  08:02:18  PAGE 3   

 0000002A  4800      LDR         R0,=0xE000C000
 0000002C  7001      STRB        R1,[R0,#0x0]
   19:      U0LCR =0x03;
 0000002E  2103      MOV         R1,#0x3
 00000030  4800      LDR         R0,=0xE000C00C
 00000032  7001      STRB        R1,[R0,#0x0]
   20:      for(i=0; temp[i] != '\0'; i++)
 00000034  2300      MOV         R3,#0x0
 00000036  ---- Variable 'i' assigned to Register 'R3' ----
 00000036  E005      B           L_7  ; T=0x00000044
 00000038          L_8:
   22:      transmit(temp[i]);
 00000038  1C19      MOV         R1,R3 ; i
 0000003A  A800      ADD         R0,R13,#0x0
 0000003C  5C40      LDRB        R0,[R0,R1]
 0000003E  F7FF      BL          transmit?T  ; T=0x0001  (1)
 00000040  FFDF      BL          transmit?T  ; T=0x0001  (2)
   23:      }
 00000042  3301      ADD         R3,#0x1
 00000044          L_7:
 00000044  1C19      MOV         R1,R3 ; i
 00000046  A800      ADD         R0,R13,#0x0
 00000048  5C40      LDRB        R0,[R0,R1]
 0000004A  2800      CMP         R0,#0x0
 0000004C  D1F4      BNE         L_8  ; T=0x00000038
   24:      return 0;
 0000004E  2000      MOV         R0,#0x0
 00000050            ; SCOPE-END
   25: }
 00000050  B008      ADD         R13,#0x20
 00000052  BC08      POP         {R3}
 00000054  4718      BX          R3
 00000056          ENDP ; 'main'



Module Information          Static
----------------------------------
  code size            =    ------
  data size            =    ------
  const size           =        30
End of Module Information.


ARM COMPILATION COMPLETE.  0 WARNING(S),  0 ERROR(S)
